<?xml version="1.0" encoding="UTF-8"?>
<testng-results ignored="0" total="11" passed="11" failed="0" skipped="0">
  <reporter-output>
  </reporter-output>
  <suite started-at="2023-10-03T18:19:33 IST" name="Tests for QKART REGRESSI0N" finished-at="2023-10-03T18:24:06 IST" duration-ms="273559">
    <groups>
      <group name="Regression_Test">
        <method signature="QKART_Tests.TestCase04(java.lang.String)[pri:4, instance:QKART_TESTNG.QKART_Tests@31e2d2f0]" name="TestCase04" class="QKART_TESTNG.QKART_Tests"/>
        <method signature="QKART_Tests.TestCase06(java.lang.String,java.lang.String)[pri:6, instance:QKART_TESTNG.QKART_Tests@31e2d2f0]" name="TestCase06" class="QKART_TESTNG.QKART_Tests"/>
        <method signature="QKART_Tests.TestCase08()[pri:8, instance:QKART_TESTNG.QKART_Tests@31e2d2f0]" name="TestCase08" class="QKART_TESTNG.QKART_Tests"/>
        <method signature="QKART_Tests.TestCase09()[pri:9, instance:QKART_TESTNG.QKART_Tests@31e2d2f0]" name="TestCase09" class="QKART_TESTNG.QKART_Tests"/>
        <method signature="QKART_Tests.TestCase11(java.lang.String,java.lang.String)[pri:11, instance:QKART_TESTNG.QKART_Tests@31e2d2f0]" name="TestCase11" class="QKART_TESTNG.QKART_Tests"/>
      </group> <!-- Regression_Test -->
      <group name="Sanity_test">
        <method signature="QKART_Tests.TestCase01(java.lang.String,java.lang.String)[pri:1, instance:QKART_TESTNG.QKART_Tests@31e2d2f0]" name="TestCase01" class="QKART_TESTNG.QKART_Tests"/>
        <method signature="QKART_Tests.TestCase02(java.lang.String,java.lang.String)[pri:2, instance:QKART_TESTNG.QKART_Tests@31e2d2f0]" name="TestCase02" class="QKART_TESTNG.QKART_Tests"/>
        <method signature="QKART_Tests.TestCase03(java.lang.String)[pri:3, instance:QKART_TESTNG.QKART_Tests@31e2d2f0]" name="TestCase03" class="QKART_TESTNG.QKART_Tests"/>
        <method signature="QKART_Tests.TestCase05(java.lang.String,java.lang.String,java.lang.String)[pri:5, instance:QKART_TESTNG.QKART_Tests@31e2d2f0]" name="TestCase05" class="QKART_TESTNG.QKART_Tests"/>
        <method signature="QKART_Tests.TestCase07(java.lang.String,int)[pri:7, instance:QKART_TESTNG.QKART_Tests@31e2d2f0]" name="TestCase07" class="QKART_TESTNG.QKART_Tests"/>
        <method signature="QKART_Tests.TestCase10(java.lang.String,java.lang.String,java.lang.String)[pri:10, instance:QKART_TESTNG.QKART_Tests@31e2d2f0]" name="TestCase10" class="QKART_TESTNG.QKART_Tests"/>
      </group> <!-- Sanity_test -->
    </groups>
    <test started-at="2023-10-03T18:19:33 IST" name="Test Execution using TestNG" finished-at="2023-10-03T18:24:06 IST" duration-ms="273559">
      <class name="QKART_TESTNG.QKART_Tests">
        <test-method is-config="true" signature="createDriver()[pri:0, instance:QKART_TESTNG.QKART_Tests@31e2d2f0]" started-at="2023-10-03T18:19:30 IST" name="createDriver" finished-at="2023-10-03T18:19:33 IST" duration-ms="2686" status="PASS">
          <reporter-output>
          </reporter-output>
        </test-method> <!-- createDriver -->
        <test-method signature="TestCase01(java.lang.String,java.lang.String)[pri:1, instance:QKART_TESTNG.QKART_Tests@31e2d2f0]" started-at="2023-10-03T18:19:33 IST" name="TestCase01" description="Verify registration happens correctly" finished-at="2023-10-03T18:19:42 IST" duration-ms="8502" status="PASS">
          <params>
            <param index="0">
              <value>
                <![CDATA[testUser]]>
              </value>
            </param>
            <param index="1">
              <value>
                <![CDATA[abc@123]]>
              </value>
            </param>
          </params>
          <reporter-output>
          </reporter-output>
        </test-method> <!-- TestCase01 -->
        <test-method signature="TestCase02(java.lang.String,java.lang.String)[pri:2, instance:QKART_TESTNG.QKART_Tests@31e2d2f0]" started-at="2023-10-03T18:19:43 IST" name="TestCase02" description="Verify re-registering an already registered user fails" finished-at="2023-10-03T18:20:17 IST" duration-ms="34764" status="PASS">
          <params>
            <param index="0">
              <value>
                <![CDATA[testUser]]>
              </value>
            </param>
            <param index="1">
              <value>
                <![CDATA[abc@123]]>
              </value>
            </param>
          </params>
          <reporter-output>
          </reporter-output>
        </test-method> <!-- TestCase02 -->
        <test-method signature="TestCase03(java.lang.String)[pri:3, instance:QKART_TESTNG.QKART_Tests@31e2d2f0]" started-at="2023-10-03T18:20:18 IST" name="TestCase03" description="Verify the functionality of search text box" finished-at="2023-10-03T18:20:53 IST" duration-ms="35487" status="PASS">
          <params>
            <param index="0">
              <value>
                <![CDATA[YONEX]]>
              </value>
            </param>
          </params>
          <reporter-output>
          </reporter-output>
        </test-method> <!-- TestCase03 -->
        <test-method signature="TestCase04(java.lang.String)[pri:4, instance:QKART_TESTNG.QKART_Tests@31e2d2f0]" started-at="2023-10-03T18:20:54 IST" name="TestCase04" description="Verify the existence of size chart for certain items and validate contents of size chart" finished-at="2023-10-03T18:21:13 IST" duration-ms="18879" status="PASS">
          <params>
            <param index="0">
              <value>
                <![CDATA[Running Shoes]]>
              </value>
            </param>
          </params>
          <reporter-output>
          </reporter-output>
        </test-method> <!-- TestCase04 -->
        <test-method signature="TestCase05(java.lang.String,java.lang.String,java.lang.String)[pri:5, instance:QKART_TESTNG.QKART_Tests@31e2d2f0]" started-at="2023-10-03T18:21:13 IST" name="TestCase05" description="Verify that a new user can add multiple products in to the cart and Checkout" finished-at="2023-10-03T18:21:38 IST" duration-ms="24896" status="PASS">
          <params>
            <param index="0">
              <value>
                <![CDATA[YONEX Smash Badminton Racquet]]>
              </value>
            </param>
            <param index="1">
              <value>
                <![CDATA[Tan Leatherette Weekender Duffle]]>
              </value>
            </param>
            <param index="2">
              <value>
                <![CDATA[Addr line 1  addr Line 2  addr line 3]]>
              </value>
            </param>
          </params>
          <reporter-output>
          </reporter-output>
        </test-method> <!-- TestCase05 -->
        <test-method signature="TestCase06(java.lang.String,java.lang.String)[pri:6, instance:QKART_TESTNG.QKART_Tests@31e2d2f0]" started-at="2023-10-03T18:21:39 IST" name="TestCase06" description="Verify that the contents of the cart can be edited" finished-at="2023-10-03T18:22:22 IST" duration-ms="42957" status="PASS">
          <params>
            <param index="0">
              <value>
                <![CDATA[Xtend Smart Watch]]>
              </value>
            </param>
            <param index="1">
              <value>
                <![CDATA[Yarine Floor Lamp]]>
              </value>
            </param>
          </params>
          <reporter-output>
          </reporter-output>
        </test-method> <!-- TestCase06 -->
        <test-method signature="TestCase07(java.lang.String,int)[pri:7, instance:QKART_TESTNG.QKART_Tests@31e2d2f0]" started-at="2023-10-03T18:22:23 IST" name="TestCase07" description="Verify that insufficient balance error is thrown when the wallet balance is not enough" finished-at="2023-10-03T18:23:09 IST" duration-ms="46442" status="PASS">
          <params>
            <param index="0">
              <value>
                <![CDATA[Stylecon 9 Seater RHS Sofa Set]]>
              </value>
            </param>
            <param index="1">
              <value>
                <![CDATA[60]]>
              </value>
            </param>
          </params>
          <reporter-output>
          </reporter-output>
        </test-method> <!-- TestCase07 -->
        <test-method signature="TestCase08()[pri:8, instance:QKART_TESTNG.QKART_Tests@31e2d2f0]" started-at="2023-10-03T18:23:09 IST" name="TestCase08" description="Verify that a product added to a cart is available when a new tab is added" finished-at="2023-10-03T18:23:25 IST" duration-ms="15263" status="PASS">
          <reporter-output>
          </reporter-output>
        </test-method> <!-- TestCase08 -->
        <test-method signature="TestCase09()[pri:9, instance:QKART_TESTNG.QKART_Tests@31e2d2f0]" started-at="2023-10-03T18:23:25 IST" name="TestCase09" description="Verify that privacy policy and about us links are working fine" finished-at="2023-10-03T18:23:34 IST" duration-ms="9076" status="PASS">
          <reporter-output>
          </reporter-output>
        </test-method> <!-- TestCase09 -->
        <test-method signature="TestCase10(java.lang.String,java.lang.String,java.lang.String)[pri:10, instance:QKART_TESTNG.QKART_Tests@31e2d2f0]" started-at="2023-10-03T18:23:34 IST" name="TestCase10" description="Verify that the contact us dialog works fine" finished-at="2023-10-03T18:23:39 IST" duration-ms="4354" status="PASS">
          <params>
            <param index="0">
              <value>
                <![CDATA[crio user]]>
              </value>
            </param>
            <param index="1">
              <value>
                <![CDATA[criouser@gmail.com]]>
              </value>
            </param>
            <param index="2">
              <value>
                <![CDATA[Testing the contact us page]]>
              </value>
            </param>
          </params>
          <reporter-output>
          </reporter-output>
        </test-method> <!-- TestCase10 -->
        <test-method signature="TestCase11(java.lang.String,java.lang.String)[pri:11, instance:QKART_TESTNG.QKART_Tests@31e2d2f0]" started-at="2023-10-03T18:23:39 IST" name="TestCase11" description="Ensure that the Advertisement Links on the QKART page are clickable" finished-at="2023-10-03T18:24:06 IST" duration-ms="27160" status="PASS">
          <params>
            <param index="0">
              <value>
                <![CDATA[YONEX Smash Badminton Racquet]]>
              </value>
            </param>
            <param index="1">
              <value>
                <![CDATA[Addr line 1  addr Line 2  addr line 3]]>
              </value>
            </param>
          </params>
          <reporter-output>
          </reporter-output>
        </test-method> <!-- TestCase11 -->
        <test-method is-config="true" signature="quitDriver()[pri:0, instance:QKART_TESTNG.QKART_Tests@31e2d2f0]" started-at="2023-10-03T18:24:07 IST" name="quitDriver" finished-at="2023-10-03T18:24:07 IST" duration-ms="121" status="PASS">
          <reporter-output>
          </reporter-output>
        </test-method> <!-- quitDriver -->
      </class> <!-- QKART_TESTNG.QKART_Tests -->
    </test> <!-- Test Execution using TestNG -->
  </suite> <!-- Tests for QKART REGRESSI0N -->
</testng-results>
